
> build
> vite build

vite v5.4.21 building for production...
transforming...
✓ 6 modules transformed.
rendering chunks...
computing gzip size...
dist/assets/manifest-ICk5cluV.json    0.33 kB │ gzip:  0.23 kB
dist/index.html                     431.38 kB │ gzip: 76.76 kB
dist/assets/index-bpQIbEpX.js         1.29 kB │ gzip:  0.66 kB
✓ built in 469ms
